// Jest Snapshot v1, https://jestjs.io/docs/snapshot-testing

exports[`BackgroundSelector should match snapshot 1`] = `
<div
  class="floating-label-group"
>
  <select
    aria-hidden="true"
    aria-label="Select background"
    class="sr-only"
    id="background-select"
    tabindex="-1"
  >
    <option
      value="gradient-purple"
    >
      Purple Gradient
    </option>
    <option
      value="gradient-blue"
    >
      Blue Gradient
    </option>
    <option
      value="gradient-pink"
    >
      Pink Gradient
    </option>
    <option
      value="gradient-green"
    >
      Green Gradient
    </option>
    <option
      value="gradient-orange"
    >
      Orange Gradient
    </option>
    <option
      value="solid-white"
    >
      White
    </option>
    <option
      value="solid-gray"
    >
      Light Gray
    </option>
    <option
      value="solid-dark"
    >
      Dark Gray
    </option>
    <option
      value="gradient-dark"
    >
      Dark Gradient
    </option>
    <option
      value="gradient-rainbow"
    >
      Rainbow Gradient
    </option>
  </select>
  <div
    aria-expanded="false"
    aria-haspopup="listbox"
    class="floating-input relative cursor-pointer appearance-none pr-10 has-value"
    role="button"
    tabindex="0"
  >
    <span
      class="block truncate"
    >
      Purple Gradient
    </span>
    <span
      class="pointer-events-none absolute right-3 top-1/2 -translate-y-1/2"
    >
      <svg
        class="transition-transform duration-200"
        height="12"
        viewBox="0 0 12 12"
        width="12"
        xmlns="http://www.w3.org/2000/svg"
      >
        <path
          d="M6 9L1 4h10z"
          fill="#06b6d4"
        />
      </svg>
    </span>
  </div>
  <label
    class="floating-label pointer-events-none"
    for="background-select"
  >
    Background
  </label>
</div>
`;
