// Jest Snapshot v1, https://jestjs.io/docs/snapshot-testing

exports[`ThemeSelector should match snapshot 1`] = `
<div
  class="floating-label-group"
>
  <select
    aria-hidden="true"
    aria-label="Select terminal theme"
    class="sr-only"
    id="theme-select"
    tabindex="-1"
  >
    <option
      value="Dracula"
    >
      Dracula
    </option>
    <option
      value="Nord"
    >
      Nord
    </option>
    <option
      value="One Dark"
    >
      One Dark
    </option>
    <option
      value="Gruvbox Dark"
    >
      Gruvbox Dark
    </option>
    <option
      value="Tokyo Night"
    >
      Tokyo Night
    </option>
    <option
      value="Solarized Light"
    >
      Solarized Light
    </option>
    <option
      value="GitHub Light"
    >
      GitHub Light
    </option>
  </select>
  <div
    aria-expanded="false"
    aria-haspopup="listbox"
    class="floating-input relative cursor-pointer appearance-none pr-10 has-value"
    role="button"
    tabindex="0"
  >
    <span
      class="block truncate"
    >
      Dracula
    </span>
    <span
      class="pointer-events-none absolute right-3 top-1/2 -translate-y-1/2"
    >
      <svg
        class="transition-transform duration-200"
        height="12"
        viewBox="0 0 12 12"
        width="12"
        xmlns="http://www.w3.org/2000/svg"
      >
        <path
          d="M6 9L1 4h10z"
          fill="#06b6d4"
        />
      </svg>
    </span>
  </div>
  <label
    class="floating-label pointer-events-none"
    for="theme-select"
  >
    Terminal Theme
  </label>
</div>
`;
